Archive member included to satisfy reference by file (symbol)

build/libsodium/src/libsodium/.libs/libsodium.a(libsodium_la-auth_hmacsha512.o)
                              build/src/crypto.o (crypto_auth_hmacsha512)
build/libsodium/src/libsodium/.libs/libsodium.a(libsodium_la-hash_sha512_cp.o)
                              build/libsodium/src/libsodium/.libs/libsodium.a(libsodium_la-auth_hmacsha512.o) (crypto_hash_sha512_init)
build/libsodium/src/libsodium/.libs/libsodium.a(libsodium_la-verify.o)
                              build/libsodium/src/libsodium/.libs/libsodium.a(libsodium_la-auth_hmacsha512.o) (crypto_verify_64)
build/libsodium/src/libsodium/.libs/libsodium.a(libsodium_la-randombytes.o)
                              build/libsodium/src/libsodium/.libs/libsodium.a(libsodium_la-auth_hmacsha512.o) (randombytes_buf)
build/libsodium/src/libsodium/.libs/libsodium.a(libsodium_la-utils.o)
                              build/libsodium/src/libsodium/.libs/libsodium.a(libsodium_la-auth_hmacsha512.o) (sodium_memzero)
build/libsodium/src/libsodium/.libs/libsodium.a(libsodium_la-randombytes_sysrandom.o)
                              build/libsodium/src/libsodium/.libs/libsodium.a(libsodium_la-randombytes.o) (randombytes_sysrandom_implementation)
build/libsodium/src/libsodium/.libs/libsodium.a(libsodium_la-stream_chacha20.o)
                              build/libsodium/src/libsodium/.libs/libsodium.a(libsodium_la-randombytes.o) (crypto_stream_chacha20_ietf)
build/libsodium/src/libsodium/.libs/libsodium.a(libsodium_la-chacha20_ref.o)
                              build/libsodium/src/libsodium/.libs/libsodium.a(libsodium_la-stream_chacha20.o) (crypto_stream_chacha20_ref_implementation)
build/libsodium/src/libsodium/.libs/libsodium.a(libsodium_la-core.o)
                              build/libsodium/src/libsodium/.libs/libsodium.a(libsodium_la-utils.o) (sodium_misuse)
build/libsodium/src/libsodium/.libs/libsodium.a(libsodium_la-runtime.o)
                              build/libsodium/src/libsodium/.libs/libsodium.a(libsodium_la-core.o) (_sodium_runtime_get_cpu_features)
build/libsodium/src/libsodium/.libs/libsodium.a(libsodium_la-aead_aegis128l.o)
                              build/libsodium/src/libsodium/.libs/libsodium.a(libsodium_la-core.o) (_crypto_aead_aegis128l_pick_best_implementation)
build/libsodium/src/libsodium/.libs/libsodium.a(libsodium_la-aegis128l_soft.o)
                              build/libsodium/src/libsodium/.libs/libsodium.a(libsodium_la-aead_aegis128l.o) (aegis128l_soft_implementation)
build/libsodium/src/libsodium/.libs/libsodium.a(libsodium_la-aead_aegis256.o)
                              build/libsodium/src/libsodium/.libs/libsodium.a(libsodium_la-core.o) (_crypto_aead_aegis256_pick_best_implementation)
build/libsodium/src/libsodium/.libs/libsodium.a(libsodium_la-aegis256_soft.o)
                              build/libsodium/src/libsodium/.libs/libsodium.a(libsodium_la-aead_aegis256.o) (aegis256_soft_implementation)
build/libsodium/src/libsodium/.libs/libsodium.a(libsodium_la-softaes.o)
                              build/libsodium/src/libsodium/.libs/libsodium.a(libsodium_la-aegis128l_soft.o) (softaes_block_encrypt)
build/libsodium/src/libsodium/.libs/libsodium.a(libsodium_la-generichash_blake2b.o)
                              build/libsodium/src/libsodium/.libs/libsodium.a(libsodium_la-core.o) (_crypto_generichash_blake2b_pick_best_implementation)
build/libsodium/src/libsodium/.libs/libsodium.a(libsodium_la-onetimeauth_poly1305.o)
                              build/libsodium/src/libsodium/.libs/libsodium.a(libsodium_la-core.o) (_crypto_onetimeauth_poly1305_pick_best_implementation)
build/libsodium/src/libsodium/.libs/libsodium.a(libsodium_la-poly1305_donna.o)
                              build/libsodium/src/libsodium/.libs/libsodium.a(libsodium_la-onetimeauth_poly1305.o) (crypto_onetimeauth_poly1305_donna_implementation)
build/libsodium/src/libsodium/.libs/libsodium.a(libsodium_la-argon2-core.o)
                              build/libsodium/src/libsodium/.libs/libsodium.a(libsodium_la-core.o) (_crypto_pwhash_argon2_pick_best_implementation)
build/libsodium/src/libsodium/.libs/libsodium.a(libsodium_la-argon2-fill-block-ref.o)
                              build/libsodium/src/libsodium/.libs/libsodium.a(libsodium_la-argon2-core.o) (argon2_fill_segment_ref)
build/libsodium/src/libsodium/.libs/libsodium.a(libsodium_la-blake2b-long.o)
                              build/libsodium/src/libsodium/.libs/libsodium.a(libsodium_la-argon2-core.o) (blake2b_long)
build/libsodium/src/libsodium/.libs/libsodium.a(libsodium_la-scalarmult_curve25519.o)
                              build/libsodium/src/libsodium/.libs/libsodium.a(libsodium_la-core.o) (_crypto_scalarmult_curve25519_pick_best_implementation)
build/libsodium/src/libsodium/.libs/libsodium.a(libsodium_la-stream_salsa20.o)
[...]
Memory Configuration

Name             Origin             Length             Attributes
FLASH            0x0000000008000000 0x0000000000080000 xr
RAM              0x0000000020000000 0x0000000000020000 xrw
CCMRAM           0x0000000010000000 0x0000000000010000 xrw
BACKUP           0x0000000040024000 0x0000000000001000 xrw
*default*        0x0000000000000000 0xffffffffffffffff

Linker script and memory map

LOAD build/src/main.o
LOAD build/src/mspdebug_wrapper.o
LOAD build/src/spi_flash.o
LOAD build/src/freq_meas.o
LOAD build/src/dsss_demod.o
LOAD build/src/rslib.o
LOAD build/src/crypto.o
LOAD build/src/adc.o
LOAD build/src/protocol.o
LOAD build/src/serial.o
LOAD build/src/con_usart.o
LOAD build/src/dma_util.o
LOAD build/src/gpio_helpers.o
LOAD build/tinyprintf/tinyprintf.o
LOAD build/mspdebug/drivers/jtaglib.o
LOAD build/cmsis/CMSIS/DSP/Source/TransformFunctions/arm_rfft_fast_init_f32.o
LOAD build/cmsis/CMSIS/DSP/Source/TransformFunctions/arm_rfft_fast_f32.o
LOAD build/cmsis/CMSIS/DSP/Source/TransformFunctions/arm_cfft_init_f32.o
LOAD build/cmsis/CMSIS/DSP/Source/TransformFunctions/arm_cfft_f32.o
LOAD build/cmsis/CMSIS/DSP/Source/TransformFunctions/arm_cfft_radix8_f32.o
LOAD build/cmsis/CMSIS/DSP/Source/CommonTables/arm_const_structs.o
LOAD build/cmsis/CMSIS/DSP/Source/CommonTables/arm_common_tables.o
LOAD build/cmsis/CMSIS/DSP/Source/TransformFunctions/arm_bitreversal.o
LOAD build/cmsis/CMSIS/DSP/Source/TransformFunctions/arm_bitreversal2.o
LOAD build/musl/src/math/tanhf.o
LOAD build/musl/src/math/atanhf.o
LOAD build/musl/src/math/expm1f.o
LOAD build/musl/src/math/log1pf.o
LOAD build/musl/src/math/expf.o
LOAD build/musl/src/math/exp2f_data.o
LOAD build/musl/src/math/powf.o
LOAD build/musl/src/math/sqrtf.o
LOAD build/musl/src/math/fabsf.o
LOAD build/musl/src/stdlib/abs.o
LOAD build/musl/src/string/memset.o
LOAD build/musl/src/string/memcpy.o
LOAD build/musl/src/string/memcmp.o
LOAD build/musl/src/string/strlen.o
LOAD build/musl/src/math/__math_oflowf.o
LOAD build/musl/src/math/__math_uflowf.o
LOAD build/musl/src/math/__math_xflowf.o
LOAD build/musl/src/math/__math_invalidf.o
LOAD build/musl/src/math/powf_data.o
LOAD build/reed_solomon/src/rs.o
LOAD build/reed_solomon/src/ecc.o
LOAD build/reed_solomon/src/berlekamp.o
LOAD build/reed_solomon/src/galois.o
LOAD build/src/startup_stm32f407xx.o
LOAD build/src/system_stm32f4xx.o
LOAD build/libsodium/src/libsodium/.libs/libsodium.a
LOAD build/levmarq/levmarq.o
LOAD build/generated/gold_code_5.o
LOAD build/generated/fmeas_fft_window.o
LOAD build/generated/dsss_cwt_wavelet.o
LOAD build/generated/crypto_presig_data.o
LOAD /opt/st/stm32cubeide_1.13.2/plugins/com.st.stm32cube.ide.mcu.externaltools.gnu-tools-for-stm32.11.3.rel1.linux64_1.1.1.202309131626/tools/bin/../lib/gcc/arm-none-eabi/11.3.1/thumb/v7e-m+fp/hard/libgcc.a
                0x0000000020020000                _estack = 0x20020000
                0x0000000000000200                _Min_Heap_Size = 0x200
                0x0000000000000400                _Min_Stack_Size = 0x400

.isr_vector     0x0000000008000000      0x188
                0x0000000008000000                . = ALIGN (0x4)
 *(.isr_vector)
 .isr_vector    0x0000000008000000      0x188 build/src/startup_stm32f407xx.o
                0x0000000008000000                g_pfnVectors
                0x0000000008000188                . = ALIGN (0x4)

.text           0x0000000008000188     0xcd8c
                0x0000000008000188                . = ALIGN (0x4)
 *(.text)
 .text          0x0000000008000188      0x254 /opt/st/stm32cubeide_1.13.2/plugins/com.st.stm32cube.ide.mcu.externaltools.gnu-tools-for-stm32.11.3.rel1.linux64_1.1.1.202309131626/tools/bin/../lib/gcc/arm-none-eabi/11.3.1/thumb/v7e-m+fp/hard/libgcc.a(_arm_muldf3.o)
                0x0000000008000188                __aeabi_dmul
                0x0000000008000188                __muldf3
 .text          0x00000000080003dc      0x378 /opt/st/stm32cubeide_1.13.2/plugins/com.st.stm32cube.ide.mcu.externaltools.gnu-tools-for-stm32.11.3.rel1.linux64_1.1.1.202309131626/tools/bin/../lib/gcc/arm-none-eabi/11.3.1/thumb/v7e-m+fp/hard/libgcc.a(_arm_addsubdf3.o)
                0x00000000080003dc                __aeabi_drsub
                0x00000000080003e4                __aeabi_dsub
                0x00000000080003e4                __subdf3
                0x00000000080003e8                __adddf3
                0x00000000080003e8                __aeabi_dadd
                0x0000000008000660                __aeabi_ui2d
                0x0000000008000660                __floatunsidf
                0x0000000008000680                __floatsidf
                0x0000000008000680                __aeabi_i2d
                0x00000000080006a4                __extendsfdf2
                0x00000000080006a4                __aeabi_f2d
                0x00000000080006e8                __aeabi_ul2d
                0x00000000080006e8                __floatundidf
                0x00000000080006f8                __floatdidf
                0x00000000080006f8                __aeabi_l2d
 .text          0x0000000008000754       0xa0 /opt/st/stm32cubeide_1.13.2/plugins/com.st.stm32cube.ide.mcu.externaltools.gnu-tools-for-stm32.11.3.rel1.linux64_1.1.1.202309131626/tools/bin/../lib/gcc/arm-none-eabi/11.3.1/thumb/v7e-m+fp/hard/libgcc.a(_arm_truncdfsf2.o)
                0x0000000008000754                __aeabi_d2f
                0x0000000008000754                __truncdfsf2
 .text          0x00000000080007f4       0x30 /opt/st/stm32cubeide_1.13.2/plugins/com.st.stm32cube.ide.mcu.externaltools.gnu-tools-for-stm32.11.3.rel1.linux64_1.1.1.202309131626/tools/bin/../lib/gcc/arm-none-eabi/11.3.1/thumb/v7e-m+fp/hard/libgcc.a(_aeabi_uldivmod.o)
                0x00000000080007f4                __aeabi_uldivmod
 .text          0x0000000008000824      0x2c8 /opt/st/stm32cubeide_1.13.2/plugins/com.st.stm32cube.ide.mcu.externaltools.gnu-tools-for-stm32.11.3.rel1.linux64_1.1.1.202309131626/tools/bin/../lib/gcc/arm-none-eabi/11.3.1/thumb/v7e-m+fp/hard/libgcc.a(_udivmoddi4.o)
                0x0000000008000824                __udivmoddi4
 .text          0x0000000008000aec        0x4 /opt/st/stm32cubeide_1.13.2/plugins/com.st.stm32cube.ide.mcu.externaltools.gnu-tools-for-stm32.11.3.rel1.linux64_1.1.1.202309131626/tools/bin/../lib/gcc/arm-none-eabi/11.3.1/thumb/v7e-m+fp/hard/libgcc.a(_dvmd_tls.o)
                0x0000000008000aec                __aeabi_ldiv0
                0x0000000008000aec                __aeabi_idiv0
 *(.text*)
 .text.__libc_init_array
                0x0000000008000af0        0xe build/src/main.o
                0x0000000008000af0                __libc_init_array
 .text.__assert_func
                0x0000000008000afe       0x12 build/src/main.o
                0x0000000008000afe                __assert_func
 .text.clock_setup
                0x0000000008000b10      0x158 build/src/main.o
 .text.led_setup
                0x0000000008000c68       0x60 build/src/main.o
 .text.spi_flash_if_set_cs
                0x0000000008000cc8       0x30 build/src/main.o
 .text.spi_flash_setup
                0x0000000008000cf8       0xbc build/src/main.o
 .text.oob_trigger_activated
                0x0000000008000db4       0x48 build/src/main.o
                0x0000000008000db4                oob_trigger_activated
 .text.main     0x0000000008000dfc      0x328 build/src/main.o
                0x0000000008000dfc                main
 .text.NMI_Handler
                0x0000000008001124       0x10 build/src/main.o
                0x0000000008001124                NMI_Handler
 .text.HardFault_Handler
                0x0000000008001134       0x10 build/src/main.o
                0x0000000008001134                HardFault_Handler
 .text.MemManage_Handler
                0x0000000008001144       0x10 build/src/main.o
                0x0000000008001144                MemManage_Handler
 .text.BusFault_Handler
                0x0000000008001154       0x10 build/src/main.o
                0x0000000008001154                BusFault_Handler
 .text.UsageFault_Handler
                0x0000000008001164       0x10 build/src/main.o
                0x0000000008001164                UsageFault_Handler
 .text.SVC_Handler
                0x0000000008001174       0x10 build/src/main.o
                0x0000000008001174                SVC_Handler
 .text.DebugMon_Handler
                0x0000000008001184       0x10 build/src/main.o
                0x0000000008001184                DebugMon_Handler
 .text.PendSV_Handler
                0x0000000008001194       0x10 build/src/main.o
                0x0000000008001194                PendSV_Handler
 .text.SysTick_Handler
                0x00000000080011a4       0x10 build/src/main.o
                0x00000000080011a4                SysTick_Handler
 .text.spi_xfer
                0x00000000080011b4       0x44 build/src/spi_flash.o
 .text.spi_read
                0x00000000080011f8       0x1e build/src/spi_flash.o
 .text.spi_write
                0x0000000008001216       0x22 build/src/spi_flash.o
 .text.spif_init
                0x0000000008001238       0x80 build/src/spi_flash.o
                0x0000000008001238                spif_init
 .text.adc_buf_measure_freq
                0x00000000080012b8      0x3f4 build/src/freq_meas.o
                0x00000000080012b8                adc_buf_measure_freq
 .text.func_gauss
                0x00000000080016ac       0x76 build/src/freq_meas.o
                0x00000000080016ac                func_gauss
 .text.func_gauss_grad
                0x0000000008001722       0xd4 build/src/freq_meas.o
                0x0000000008001722                func_gauss_grad
 .text.dsss_demod_init
                0x00000000080017f6       0x2a build/src/dsss_demod.o
                0x00000000080017f6                dsss_demod_init
 .text.dsss_demod_step
                0x0000000008001820      0x3d8 build/src/dsss_demod.o
                0x0000000008001820                dsss_demod_step
 .text.decode_peak
                0x0000000008001bf8       0x3a build/src/dsss_demod.o
 .text.matcher_init
                0x0000000008001c32       0x36 build/src/dsss_demod.o
 .text.matcher_tick
                0x0000000008001c68      0x2ac build/src/dsss_demod.o
 .text.gaussian
                0x0000000008001f14       0x68 build/src/dsss_demod.o
 .text.score_group
                0x0000000008001f7c       0x60 build/src/dsss_demod.o
 *fill*         0x0000000008001fdc        0x4 
 .text.group_received
                0x0000000008001fe0      0x3c8 build/src/dsss_demod.o
 .text.cwt_convolve_step
                0x00000000080023a8       0x80 build/src/dsss_demod.o
 .text.gold_correlate_step
                0x0000000008002428      0x10c build/src/dsss_demod.o
 .text.debug_hexdump
                0x0000000008002534       0x48 build/src/crypto.o
                0x0000000008002534                debug_hexdump
 .text.verify_trigger_dom
                0x000000000800257c       0xd0 build/src/crypto.o
                0x000000000800257c                verify_trigger_dom
 .text.verify_trigger
                0x000000000800264c       0x74 build/src/crypto.o
                0x000000000800264c                verify_trigger
 .text.oob_message_received
                0x00000000080026c0       0x3a build/src/crypto.o
                0x00000000080026c0                oob_message_received
 *fill*         0x00000000080026fa        0x2 
 .text.__NVIC_EnableIRQ
                0x00000000080026fc       0x3c build/src/adc.o
 .text.__NVIC_SetPriority
                0x0000000008002738       0x54 build/src/adc.o
 .text.panic    0x000000000800278c       0x10 build/src/adc.o
 .text.adc_init
                0x000000000800279c      0x170 build/src/adc.o
                0x000000000800279c                adc_init
 .text.DMA2_Stream0_IRQHandler
                0x000000000800290c       0xb4 build/src/adc.o
                0x000000000800290c                DMA2_Stream0_IRQHandler
 .text.strtoul_custom
                0x00000000080029c0       0x94 build/src/protocol.o
                0x00000000080029c0                strtoul_custom
 .text.handle_dsss_received
                0x0000000008002a54      0x190 build/src/protocol.o
                0x0000000008002a54                handle_dsss_received
 .text.__NVIC_EnableIRQ
                0x0000000008002be4       0x3c build/src/serial.o
 .text.__NVIC_SetPriority
                0x0000000008002c20       0x54 build/src/serial.o
 .text.usart_dma_reset
                0x0000000008002c74       0x5c build/src/serial.o
 .text.usart_dma_init
                0x0000000008002cd0       0x9c build/src/serial.o
                0x0000000008002cd0                usart_dma_init
 .text.usart_schedule_dma
                0x0000000008002d6c       0xe4 build/src/serial.o
 .text.usart_dma_stream_irq
                0x0000000008002e50       0x5e build/src/serial.o
                0x0000000008002e50                usart_dma_stream_irq
 .text.usart_putc_nonblocking
                0x0000000008002eae       0x5a build/src/serial.o
                0x0000000008002eae                usart_putc_nonblocking
 .text.usart_putc_nonblocking_tpf
                0x0000000008002f08       0x1e build/src/serial.o
 .text.usart_flush
                0x0000000008002f26       0x6c build/src/serial.o
                0x0000000008002f26                usart_flush
 *fill*         0x0000000008002f92        0x2 
 .text.usart_printf
                0x0000000008002f94       0x38 build/src/serial.o
                0x0000000008002f94                usart_printf
 .text.con_usart_init
                0x0000000008002fcc       0x84 build/src/con_usart.o
                0x0000000008002fcc                con_usart_init
 .text.DMA2_Stream7_IRQHandler
                0x0000000008003050       0x14 build/src/con_usart.o
                0x0000000008003050                DMA2_Stream7_IRQHandler
 .text.dma_get_isr_and_clear
                0x0000000008003064      0x12c build/src/dma_util.o
                0x0000000008003064                dma_get_isr_and_clear
 .text.ulli2a   0x0000000008003190      0x116 build/tinyprintf/tinyprintf.o
 .text.lli2a    0x00000000080032a6       0x3c build/tinyprintf/tinyprintf.o
 .text.uli2a    0x00000000080032e2       0xbe build/tinyprintf/tinyprintf.o
 .text.li2a     0x00000000080033a0       0x2e build/tinyprintf/tinyprintf.o
 .text.ui2a     0x00000000080033ce       0xbe build/tinyprintf/tinyprintf.o
 .text.i2a      0x000000000800348c       0x2e build/tinyprintf/tinyprintf.o
 .text.a2d      0x00000000080034ba       0x50 build/tinyprintf/tinyprintf.o
 .text.a2u      0x000000000800350a       0x66 build/tinyprintf/tinyprintf.o
 .text.putchw   0x0000000008003570      0x194 build/tinyprintf/tinyprintf.o
 .text.tfp_format
                0x0000000008003704      0x410 build/tinyprintf/tinyprintf.o
                0x0000000008003704                tfp_format
 .text.arm_rfft_256_fast_init_f32
                0x0000000008003b14       0x58 build/cmsis/CMSIS/DSP/Source/TransformFunctions/arm_rfft_fast_init_f32.o
                0x0000000008003b14                arm_rfft_256_fast_init_f32
 .text.stage_rfft_f32
                0x0000000008003b6c      0x1ca build/cmsis/CMSIS/DSP/Source/TransformFunctions/arm_rfft_fast_f32.o
                0x0000000008003b6c                stage_rfft_f32
 .text.merge_rfft_f32
                0x0000000008003d36      0x192 build/cmsis/CMSIS/DSP/Source/TransformFunctions/arm_rfft_fast_f32.o
                0x0000000008003d36                merge_rfft_f32
 .text.arm_rfft_fast_f32
                0x0000000008003ec8       0x5a build/cmsis/CMSIS/DSP/Source/TransformFunctions/arm_rfft_fast_f32.o
                0x0000000008003ec8                arm_rfft_fast_f32
 .text.arm_cfft_radix8by2_f32
                0x0000000008003f22      0x3e8 build/cmsis/CMSIS/DSP/Source/TransformFunctions/arm_cfft_f32.o
                0x0000000008003f22                arm_cfft_radix8by2_f32
 .text.arm_cfft_radix8by4_f32
                0x000000000800430a      0xc60 build/cmsis/CMSIS/DSP/Source/TransformFunctions/arm_cfft_f32.o
                0x000000000800430a                arm_cfft_radix8by4_f32
 .text.arm_cfft_f32
                0x0000000008004f6a      0x174 build/cmsis/CMSIS/DSP/Source/TransformFunctions/arm_cfft_f32.o
                0x0000000008004f6a                arm_cfft_f32
 *fill*         0x00000000080050de        0x2 
 .text.arm_radix8_butterfly_f32
                0x00000000080050e0     0x100c build/cmsis/CMSIS/DSP/Source/TransformFunctions/arm_cfft_radix8_f32.o
                0x00000000080050e0                arm_radix8_butterfly_f32
 .text.arm_bitreversal_32
                0x00000000080060ec       0xb2 build/cmsis/CMSIS/DSP/Source/TransformFunctions/arm_bitreversal2.o
                0x00000000080060ec                arm_bitreversal_32
 .text.eval_as_float
                0x000000000800619e       0x22 build/musl/src/math/expf.o
 .text.eval_as_double
                0x00000000080061c0       0x24 build/musl/src/math/expf.o
 .text.top12    0x00000000080061e4       0x1a build/musl/src/math/expf.o
 *fill*         0x00000000080061fe        0x2 
 .text.expf     0x0000000008006200      0x22c build/musl/src/math/expf.o
                0x0000000008006200                expf
 .text.eval_as_float
                0x000000000800642c       0x22 build/musl/src/math/sqrtf.o
 .text.mul32    0x000000000800644e       0x48 build/musl/src/math/sqrtf.o
 *fill*         0x0000000008006496        0x2 
 .text.sqrtf    0x0000000008006498      0x1c4 build/musl/src/math/sqrtf.o
                0x0000000008006498                sqrtf
 .text.fabsf    0x000000000800665c       0x2a build/musl/src/math/fabsf.o
                0x000000000800665c                fabsf
 .text.abs      0x0000000008006686       0x1c build/musl/src/stdlib/abs.o
                0x0000000008006686                abs
 .text.memset   0x00000000080066a2      0x202 build/musl/src/string/memset.o
                0x00000000080066a2                memset
 .text.memcpy   0x00000000080068a4      0x556 build/musl/src/string/memcpy.o
                0x00000000080068a4                memcpy
 .text.memcmp   0x0000000008006dfa       0x5c build/musl/src/string/memcmp.o
                0x0000000008006dfa                memcmp
 .text.strlen   0x0000000008006e56       0x78 build/musl/src/string/strlen.o
                0x0000000008006e56                strlen
 *fill*         0x0000000008006ece        0x2 
 .text.__math_oflowf
                0x0000000008006ed0       0x24 build/musl/src/math/__math_oflowf.o
                0x0000000008006ed0                __math_oflowf
 .text.__math_uflowf
                0x0000000008006ef4       0x24 build/musl/src/math/__math_uflowf.o
                0x0000000008006ef4                __math_uflowf
 .text.eval_as_float
                0x0000000008006f18       0x22 build/musl/src/math/__math_xflowf.o
 .text.fp_barrierf
                0x0000000008006f3a       0x22 build/musl/src/math/__math_xflowf.o
 .text.__math_xflowf
                0x0000000008006f5c       0x4a build/musl/src/math/__math_xflowf.o
                0x0000000008006f5c                __math_xflowf
 .text.__math_invalidf
                0x0000000008006fa6       0x30 build/musl/src/math/__math_invalidf.o
                0x0000000008006fa6                __math_invalidf
 *fill*         0x0000000008006fd6        0x2 
 .text.Reset_Handler
                0x0000000008006fd8       0x50 build/src/startup_stm32f407xx.o
                0x0000000008006fd8                Reset_Handler
 .text.Default_Handler
                0x0000000008007028        0x2 build/src/startup_stm32f407xx.o
                0x0000000008007028                RTC_Alarm_IRQHandler
                0x0000000008007028                HASH_RNG_IRQHandler
                0x0000000008007028                EXTI2_IRQHandler
                0x0000000008007028                TIM8_CC_IRQHandler
                0x0000000008007028                TIM1_CC_IRQHandler
                0x0000000008007028                DMA2_Stream5_IRQHandler
                0x0000000008007028                DMA1_Stream5_IRQHandler
                0x0000000008007028                PVD_IRQHandler
                0x0000000008007028                SDIO_IRQHandler
                0x0000000008007028                TAMP_STAMP_IRQHandler
                0x0000000008007028                CAN2_RX1_IRQHandler
                0x0000000008007028                EXTI3_IRQHandler
                0x0000000008007028                TIM8_TRG_COM_TIM14_IRQHandler
                0x0000000008007028                TIM1_UP_TIM10_IRQHandler
                0x0000000008007028                TIM8_UP_TIM13_IRQHandler
                0x0000000008007028                I2C3_ER_IRQHandler
                0x0000000008007028                EXTI0_IRQHandler
                0x0000000008007028                I2C2_EV_IRQHandler
                0x0000000008007028                DMA1_Stream2_IRQHandler
                0x0000000008007028                CAN1_RX0_IRQHandler
                0x0000000008007028                FPU_IRQHandler
                0x0000000008007028                OTG_HS_WKUP_IRQHandler
                0x0000000008007028                CAN2_SCE_IRQHandler
                0x0000000008007028                DMA2_Stream2_IRQHandler
                0x0000000008007028                SPI1_IRQHandler
                0x0000000008007028                TIM6_DAC_IRQHandler
                0x0000000008007028                TIM1_BRK_TIM9_IRQHandler
                0x0000000008007028                DCMI_IRQHandler
                0x0000000008007028                CAN2_RX0_IRQHandler
                0x0000000008007028                DMA2_Stream3_IRQHandler
                0x0000000008007028                USART6_IRQHandler
                0x0000000008007028                USART3_IRQHandler
                0x0000000008007028                CAN1_RX1_IRQHandler
                0x0000000008007028                UART5_IRQHandler
                0x0000000008007028                TIM4_IRQHandler
                0x0000000008007028                I2C1_EV_IRQHandler
                0x0000000008007028                DMA1_Stream6_IRQHandler
                0x0000000008007028                DMA1_Stream1_IRQHandler
                0x0000000008007028                UART4_IRQHandler
                0x0000000008007028                TIM3_IRQHandler
                0x0000000008007028                RCC_IRQHandler
                0x0000000008007028                TIM8_BRK_TIM12_IRQHandler
                0x0000000008007028                Default_Handler
                0x0000000008007028                EXTI15_10_IRQHandler
                0x0000000008007028                ADC_IRQHandler
                0x0000000008007028                DMA1_Stream7_IRQHandler
                0x0000000008007028                TIM7_IRQHandler
                0x0000000008007028                CAN2_TX_IRQHandler
                0x0000000008007028                TIM5_IRQHandler
                0x0000000008007028                I2C3_EV_IRQHandler
                0x0000000008007028                EXTI9_5_IRQHandler
                0x0000000008007028                RTC_WKUP_IRQHandler
                0x0000000008007028                ETH_WKUP_IRQHandler
                0x0000000008007028                SPI2_IRQHandler
                0x0000000008007028                OTG_HS_EP1_IN_IRQHandler
                0x0000000008007028                DMA1_Stream0_IRQHandler
                0x0000000008007028                CAN1_TX_IRQHandler
                0x0000000008007028                EXTI4_IRQHandler
                0x0000000008007028                FSMC_IRQHandler
                0x0000000008007028                ETH_IRQHandler
                0x0000000008007028                OTG_HS_EP1_OUT_IRQHandler
                0x0000000008007028                WWDG_IRQHandler
                0x0000000008007028                TIM2_IRQHandler
                0x0000000008007028                OTG_FS_WKUP_IRQHandler
                0x0000000008007028                TIM1_TRG_COM_TIM11_IRQHandler
                0x0000000008007028                OTG_HS_IRQHandler
                0x0000000008007028                EXTI1_IRQHandler
                0x0000000008007028                USART2_IRQHandler
                0x0000000008007028                I2C2_ER_IRQHandler
                0x0000000008007028                DMA2_Stream1_IRQHandler
                0x0000000008007028                CAN1_SCE_IRQHandler
                0x0000000008007028                FLASH_IRQHandler
                0x0000000008007028                DMA2_Stream4_IRQHandler
                0x0000000008007028                USART1_IRQHandler
                0x0000000008007028                OTG_FS_IRQHandler
                0x0000000008007028                SPI3_IRQHandler
                0x0000000008007028                DMA1_Stream4_IRQHandler
                0x0000000008007028                I2C1_ER_IRQHandler
                0x0000000008007028                DMA2_Stream6_IRQHandler
                0x0000000008007028                DMA1_Stream3_IRQHandler
 *fill*         0x000000000800702a        0x2 
 .text.SystemInit
                0x000000000800702c       0x38 build/src/system_stm32f4xx.o
                0x000000000800702c                SystemInit
 .text.crypto_auth_hmacsha512_init
                0x0000000008007064      0x146 build/libsodium/src/libsodium/.libs/libsodium.a(libsodium_la-auth_hmacsha512.o)
                0x0000000008007064                crypto_auth_hmacsha512_init
 .text.crypto_auth_hmacsha512_update
                0x00000000080071aa       0x24 build/libsodium/src/libsodium/.libs/libsodium.a(libsodium_la-auth_hmacsha512.o)
                0x00000000080071aa                crypto_auth_hmacsha512_update
 .text.crypto_auth_hmacsha512_final
                0x00000000080071ce       0x50 build/libsodium/src/libsodium/.libs/libsodium.a(libsodium_la-auth_hmacsha512.o)
                0x00000000080071ce                crypto_auth_hmacsha512_final
 .text.crypto_auth_hmacsha512
                0x000000000800721e       0x64 build/libsodium/src/libsodium/.libs/libsodium.a(libsodium_la-auth_hmacsha512.o)
                0x000000000800721e                crypto_auth_hmacsha512
 .text.rotr64   0x0000000008007282       0x76 build/libsodium/src/libsodium/.libs/libsodium.a(libsodium_la-hash_sha512_cp.o)
 .text.load64_be
                0x00000000080072f8      0x198 build/libsodium/src/libsodium/.libs/libsodium.a(libsodium_la-hash_sha512_cp.o)
 .text.store64_be
                0x0000000008007490       0xfe build/libsodium/src/libsodium/.libs/libsodium.a(libsodium_la-hash_sha512_cp.o)
 .text.be64enc_vect
                0x000000000800758e       0x46 build/libsodium/src/libsodium/.libs/libsodium.a(libsodium_la-hash_sha512_cp.o)
 .text.be64dec_vect
                0x00000000080075d4       0x4a build/libsodium/src/libsodium/.libs/libsodium.a(libsodium_la-hash_sha512_cp.o)
 *fill*         0x000000000800761e        0x2 
 .text.SHA512_Transform
                0x0000000008007620     0x46a8 build/libsodium/src/libsodium/.libs/libsodium.a(libsodium_la-hash_sha512_cp.o)
 .text.SHA512_Pad
                0x000000000800bcc8       0xe8 build/libsodium/src/libsodium/.libs/libsodium.a(libsodium_la-hash_sha512_cp.o)
 .text.crypto_hash_sha512_init
                0x000000000800bdb0       0x3c build/libsodium/src/libsodium/.libs/libsodium.a(libsodium_la-hash_sha512_cp.o)
                0x000000000800bdb0                crypto_hash_sha512_init
 .text.crypto_hash_sha512_update
                0x000000000800bdec      0x3b2 build/libsodium/src/libsodium/.libs/libsodium.a(libsodium_la-hash_sha512_cp.o)
                0x000000000800bdec                crypto_hash_sha512_update
 .text.crypto_hash_sha512_final
                0x000000000800c19e       0x74 build/libsodium/src/libsodium/.libs/libsodium.a(libsodium_la-hash_sha512_cp.o)
                0x000000000800c19e                crypto_hash_sha512_final
 .text._sodium_dummy_symbol_to_prevent_memzero_lto
                0x000000000800c212       0x16 build/libsodium/src/libsodium/.libs/libsodium.a(libsodium_la-utils.o)
                0x000000000800c212                _sodium_dummy_symbol_to_prevent_memzero_lto
 .text.sodium_memzero
                0x000000000800c228       0x2c build/libsodium/src/libsodium/.libs/libsodium.a(libsodium_la-utils.o)
                0x000000000800c228                sodium_memzero
 .text.levmarq_init
                0x000000000800c254       0x40 build/levmarq/levmarq.o
                0x000000000800c254                levmarq_init
 .text.levmarq  0x000000000800c294      0x880 build/levmarq/levmarq.o
                0x000000000800c294                levmarq
 .text.error_func
                0x000000000800cb14       0x9a build/levmarq/levmarq.o
                0x000000000800cb14                error_func
 .text.solve_axb_cholesky
                0x000000000800cbae      0x176 build/levmarq/levmarq.o
                0x000000000800cbae                solve_axb_cholesky
 .text.cholesky_decomp
                0x000000000800cd24      0x1f0 build/levmarq/levmarq.o
                0x000000000800cd24                cholesky_decomp
 *(.glue_7)
 .glue_7        0x000000000800cf14        0x0 linker stubs
 *(.glue_7t)
 .glue_7t       0x000000000800cf14        0x0 linker stubs
 *(.eh_frame)
 *(.init)
 *(.fini)
                0x000000000800cf14                . = ALIGN (0x4)
                0x000000000800cf14                _etext = .

.vfp11_veneer   0x000000000800cf14        0x0
 .vfp11_veneer  0x000000000800cf14        0x0 linker stubs

.v4_bx          0x000000000800cf14        0x0
 .v4_bx         0x000000000800cf14        0x0 linker stubs

.iplt           0x000000000800cf14        0x0
 .iplt          0x000000000800cf14        0x0 build/src/main.o

.rodata         0x000000000800cf18     0x1760
                0x000000000800cf18                . = ALIGN (0x4)
 *(.rodata)
 .rodata        0x000000000800cf18       0x61 build/src/main.o
 *fill*         0x000000000800cf79        0x3 
 .rodata        0x000000000800cf7c       0xfe build/src/dsss_demod.o
 *fill*         0x000000000800d07a        0x2 
 .rodata        0x000000000800d07c        0xe build/src/crypto.o
 *fill*         0x000000000800d08a        0x2 
 .rodata        0x000000000800d08c       0x2a build/src/adc.o
 *fill*         0x000000000800d0b6        0x2 
 .rodata        0x000000000800d0b8       0x3d build/src/protocol.o
 *fill*         0x000000000800d0f5        0x3 
 .rodata        0x000000000800d0f8       0x13 build/src/dma_util.o
 *fill*         0x000000000800d10b        0x1 
 .rodata        0x000000000800d10c      0x15e build/generated/crypto_presig_data.o
 *(.rodata*)
 *fill*         0x000000000800d26a        0x2 
 .rodata.__func__.1
                0x000000000800d26c        0xd build/src/dsss_demod.o
 *fill*         0x000000000800d279        0x3 
 .rodata.__func__.0
                0x000000000800d27c        0xf build/src/dsss_demod.o
 *fill*         0x000000000800d28b        0x1 
 .rodata.__func__.0
                0x000000000800d28c        0x9 build/src/adc.o
 *fill*         0x000000000800d295        0x3 
 .rodata.__func__.0
                0x000000000800d298       0x16 build/src/dma_util.o
 *fill*         0x000000000800d2ae        0x2 
 .rodata.twiddleCoef_128
                0x000000000800d2b0      0x400 build/cmsis/CMSIS/DSP/Source/CommonTables/arm_common_tables.o
                0x000000000800d2b0                twiddleCoef_128
 .rodata.armBitRevIndexTable128
                0x000000000800d6b0      0x1a0 build/cmsis/CMSIS/DSP/Source/CommonTables/arm_common_tables.o
                0x000000000800d6b0                armBitRevIndexTable128
 .rodata.twiddleCoef_rfft_256
                0x000000000800d850      0x400 build/cmsis/CMSIS/DSP/Source/CommonTables/arm_common_tables.o
                0x000000000800d850                twiddleCoef_rfft_256
 .rodata.__exp2f_data
                0x000000000800dc50      0x148 build/musl/src/math/exp2f_data.o
                0x000000000800dc50                __exp2f_data
 .rodata.Krnd   0x000000000800dd98      0x280 build/libsodium/src/libsodium/.libs/libsodium.a(libsodium_la-hash_sha512_cp.o)
 .rodata.PAD    0x000000000800e018       0x80 build/libsodium/src/libsodium/.libs/libsodium.a(libsodium_la-hash_sha512_cp.o)
 .rodata.sha512_initial_state.0
                0x000000000800e098       0x40 build/libsodium/src/libsodium/.libs/libsodium.a(libsodium_la-hash_sha512_cp.o)
 .rodata.dsss_gold_code_table
                0x000000000800e0d8       0x84 build/generated/gold_code_5.o
                0x000000000800e0d8                dsss_gold_code_table
 .rodata.fft_256_window_gaussian_16
                0x000000000800e15c      0x400 build/generated/fmeas_fft_window.o
                0x000000000800e15c                fft_256_window_gaussian_16
 .rodata.fmeas_fft_window_table
                0x000000000800e55c        0x4 build/generated/fmeas_fft_window.o
                0x000000000800e55c                fmeas_fft_window_table
 .rodata.cwt_ricker_69_window_7F3
                0x000000000800e560      0x114 build/generated/dsss_cwt_wavelet.o
                0x000000000800e560                cwt_ricker_69_window_7F3
 .rodata.dsss_cwt_wavelet_table
                0x000000000800e674        0x4 build/generated/dsss_cwt_wavelet.o
                0x000000000800e674                dsss_cwt_wavelet_table
                0x000000000800e678                . = ALIGN (0x4)

.ARM.extab
 *(.ARM.extab* .gnu.linkonce.armextab.*)

.ARM            0x000000000800e678        0x8
                0x000000000800e678                __exidx_start = .
 *(.ARM.exidx*)
 .ARM.exidx     0x000000000800e678        0x8 /opt/st/stm32cubeide_1.13.2/plugins/com.st.stm32cube.ide.mcu.externaltools.gnu-tools-for-stm32.11.3.rel1.linux64_1.1.1.202309131626/tools/bin/../lib/gcc/arm-none-eabi/11.3.1/thumb/v7e-m+fp/hard/libgcc.a(_udivmoddi4.o)
                0x000000000800e680                __exidx_end = .

.rel.dyn        0x000000000800e680        0x0
 .rel.iplt      0x000000000800e680        0x0 build/src/main.o

.preinit_array  0x000000000800e680        0x0
                [!provide]                        PROVIDE (__preinit_array_start = .)
 *(.preinit_array*)
                [!provide]                        PROVIDE (__preinit_array_end = .)

.init_array     0x000000000800e680        0x0
                [!provide]                        PROVIDE (__init_array_start = .)
 *(SORT_BY_NAME(.init_array.*))
 *(.init_array*)
                [!provide]                        PROVIDE (__init_array_end = .)

.fini_array     0x000000000800e680        0x0
                [!provide]                        PROVIDE (__fini_array_start = .)
 *(SORT_BY_NAME(.fini_array.*))
 *(.fini_array*)
                [!provide]                        PROVIDE (__fini_array_end = .)
                0x000000000800e680                _sidata = LOADADDR (.data)

.data           0x0000000020000000      0x2ec load address 0x000000000800e680
                0x0000000020000000                . = ALIGN (0x4)
                0x0000000020000000                _sdata = .
 *(.data)
 *(.data*)
 .data.adc_fft_buf_ready_idx
                0x0000000020000000        0x4 build/src/adc.o
                0x0000000020000000                adc_fft_buf_ready_idx
 .data.con_usart
                0x0000000020000004      0x284 build/src/con_usart.o
                0x0000000020000004                con_usart
 .data.presig_height
                0x0000000020000288        0x4 build/generated/crypto_presig_data.o
                0x0000000020000288                presig_height
 .data.presig_domain_strings
                0x000000002000028c       0x14 build/generated/crypto_presig_data.o
                0x000000002000028c                presig_domain_strings
 .data.presig_keys
                0x00000000200002a0       0x4b build/generated/crypto_presig_data.o
                0x00000000200002a0                presig_keys
                0x00000000200002ec                . = ALIGN (0x4)
 *fill*         0x00000000200002eb        0x1 
                0x00000000200002ec                _edata = .
                0x000000000800e96c                _siccmram = LOADADDR (.ccmram)

.igot.plt       0x00000000200002ec        0x0 load address 0x000000000800e96c
 .igot.plt      0x00000000200002ec        0x0 build/src/main.o

.ccmram         0x0000000010000000        0x0 load address 0x000000000800e96c
                0x0000000010000000                . = ALIGN (0x4)
                0x0000000010000000                _sccmram = .
 *(.ccmram)
 *(.ccmram*)
                0x0000000010000000                . = ALIGN (0x4)
                0x0000000010000000                _eccmram = .
                0x0000000010000000                . = ALIGN (0x4)

.bss            0x00000000200002f0     0x300c
                0x00000000200002f0                _sbss = .
                0x00000000200002f0                __bss_start__ = _sbss
 *(.bss)
 *(.bss*)
 .bss.spif      0x00000000200002f0       0x14 build/src/main.o
 .bss.flag2     0x0000000020000304        0x4 build/src/main.o
 .bss.sysclk_speed
                0x0000000020000308        0x4 build/src/main.o
                0x0000000020000308                sysclk_speed
 .bss.apb1_speed
                0x000000002000030c        0x4 build/src/main.o
                0x000000002000030c                apb1_speed
 .bss.apb2_speed
                0x0000000020000310        0x4 build/src/main.o
                0x0000000020000310                apb2_speed
 .bss.auxclk_speed
                0x0000000020000314        0x4 build/src/main.o
                0x0000000020000314                auxclk_speed
 .bss.apb1_timer_speed
                0x0000000020000318        0x4 build/src/main.o
                0x0000000020000318                apb1_timer_speed
 .bss.apb2_timer_speed
                0x000000002000031c        0x4 build/src/main.o
                0x000000002000031c                apb2_timer_speed
 .bss.measurement_errors
                0x0000000020000320        0x4 build/src/main.o
 *fill*         0x0000000020000324        0x4 
 .bss.demod_state
                0x0000000020000328     0x2aa8 build/src/main.o
 .bss.freq_sample_ts
                0x0000000020002dd0        0x4 build/src/main.o
 .bss.debug_last_freq
                0x0000000020002dd4        0x4 build/src/main.o
 .bss.adc_overruns
                0x0000000020002dd8        0x4 build/src/adc.o
 .bss.adc_fft_buf
                0x0000000020002ddc      0x400 build/src/adc.o
                0x0000000020002ddc                adc_fft_buf
 .bss.data2     0x00000000200031dc       0x1e build/src/protocol.o
 *fill*         0x00000000200031fa        0x2 
 .bss.__rsqrt_tab.0
                0x00000000200031fc      0x100 build/musl/src/math/sqrtf.o
 *(COMMON)
                0x00000000200032fc                . = ALIGN (0x4)
                0x00000000200032fc                _ebss = .
                0x00000000200032fc                __bss_end__ = _ebss

._user_heap_stack
                0x00000000200032fc      0x600
                0x00000000200032fc                . = ALIGN (0x4)
                [!provide]                        PROVIDE (end = .)
                [!provide]                        PROVIDE (_end = .)
                0x00000000200034fc                . = (. + _Min_Heap_Size)
 *fill*         0x00000000200032fc      0x200 
                0x00000000200038fc                . = (. + _Min_Stack_Size)
 *fill*         0x00000000200034fc      0x400 
                0x00000000200038fc                . = ALIGN (0x4)

.ARM.attributes
                0x0000000000000000       0x32
 *(.ARM.attributes)
 .ARM.attributes
                0x0000000000000000       0x34 build/src/main.o
 .ARM.attributes
                0x0000000000000034       0x34 build/src/spi_flash.o
 .ARM.attributes
                0x0000000000000068       0x34 build/src/freq_meas.o
 .ARM.attributes
                0x000000000000009c       0x34 build/src/dsss_demod.o
 .ARM.attributes
                0x00000000000000d0       0x34 build/src/crypto.o
 .ARM.attributes
                0x0000000000000104       0x34 build/src/adc.o
 .ARM.attributes
                0x0000000000000138       0x34 build/src/protocol.o
 .ARM.attributes
                0x000000000000016c       0x34 build/src/serial.o
 .ARM.attributes
                0x00000000000001a0       0x34 build/src/con_usart.o
 .ARM.attributes
                0x00000000000001d4       0x34 build/src/dma_util.o
 .ARM.attributes
                0x0000000000000208       0x34 build/tinyprintf/tinyprintf.o
 .ARM.attributes
                0x000000000000023c       0x34 build/cmsis/CMSIS/DSP/Source/TransformFunctions/arm_rfft_fast_init_f32.o
 .ARM.attributes
                0x0000000000000270       0x34 build/cmsis/CMSIS/DSP/Source/TransformFunctions/arm_rfft_fast_f32.o
 .ARM.attributes
                0x00000000000002a4       0x34 build/cmsis/CMSIS/DSP/Source/TransformFunctions/arm_cfft_f32.o
 .ARM.attributes
                0x00000000000002d8       0x34 build/cmsis/CMSIS/DSP/Source/TransformFunctions/arm_cfft_radix8_f32.o
 .ARM.attributes
                0x000000000000030c       0x34 build/cmsis/CMSIS/DSP/Source/CommonTables/arm_common_tables.o
 .ARM.attributes
                0x0000000000000340       0x34 build/cmsis/CMSIS/DSP/Source/TransformFunctions/arm_bitreversal2.o
 .ARM.attributes
                0x0000000000000374       0x34 build/musl/src/math/expf.o
 .ARM.attributes
                0x00000000000003a8       0x34 build/musl/src/math/exp2f_data.o
 .ARM.attributes
                0x00000000000003dc       0x34 build/musl/src/math/sqrtf.o
 .ARM.attributes
                0x0000000000000410       0x34 build/musl/src/math/fabsf.o
 .ARM.attributes
                0x0000000000000444       0x34 build/musl/src/stdlib/abs.o
 .ARM.attributes
                0x0000000000000478       0x34 build/musl/src/string/memset.o
 .ARM.attributes
                0x00000000000004ac       0x34 build/musl/src/string/memcpy.o
 .ARM.attributes
                0x00000000000004e0       0x34 build/musl/src/string/memcmp.o
 .ARM.attributes
                0x0000000000000514       0x34 build/musl/src/string/strlen.o
 .ARM.attributes
                0x0000000000000548       0x34 build/musl/src/math/__math_oflowf.o
 .ARM.attributes
                0x000000000000057c       0x34 build/musl/src/math/__math_uflowf.o
 .ARM.attributes
                0x00000000000005b0       0x34 build/musl/src/math/__math_xflowf.o
 .ARM.attributes
                0x00000000000005e4       0x34 build/musl/src/math/__math_invalidf.o
 .ARM.attributes
                0x0000000000000618       0x21 build/src/startup_stm32f407xx.o
 .ARM.attributes
                0x0000000000000639       0x34 build/src/system_stm32f4xx.o
 .ARM.attributes
                0x000000000000066d       0x34 build/libsodium/src/libsodium/.libs/libsodium.a(libsodium_la-auth_hmacsha512.o)
 .ARM.attributes
                0x00000000000006a1       0x34 build/libsodium/src/libsodium/.libs/libsodium.a(libsodium_la-hash_sha512_cp.o)
 .ARM.attributes
                0x00000000000006d5       0x34 build/libsodium/src/libsodium/.libs/libsodium.a(libsodium_la-utils.o)
 .ARM.attributes
                0x0000000000000709       0x34 build/levmarq/levmarq.o
 .ARM.attributes
                0x000000000000073d       0x39 build/generated/gold_code_5.o
 .ARM.attributes
                0x0000000000000776       0x39 build/generated/fmeas_fft_window.o
 .ARM.attributes
                0x00000000000007af       0x39 build/generated/dsss_cwt_wavelet.o
 .ARM.attributes
                0x00000000000007e8       0x34 build/generated/crypto_presig_data.o
 .ARM.attributes
                0x000000000000081c       0x1e /opt/st/stm32cubeide_1.13.2/plugins/com.st.stm32cube.ide.mcu.externaltools.gnu-tools-for-stm32.11.3.rel1.linux64_1.1.1.202309131626/tools/bin/../lib/gcc/arm-none-eabi/11.3.1/thumb/v7e-m+fp/hard/libgcc.a(_arm_muldf3.o)
 .ARM.attributes
                0x000000000000083a       0x1e /opt/st/stm32cubeide_1.13.2/plugins/com.st.stm32cube.ide.mcu.externaltools.gnu-tools-for-stm32.11.3.rel1.linux64_1.1.1.202309131626/tools/bin/../lib/gcc/arm-none-eabi/11.3.1/thumb/v7e-m+fp/hard/libgcc.a(_arm_addsubdf3.o)
 .ARM.attributes
                0x0000000000000858       0x1e /opt/st/stm32cubeide_1.13.2/plugins/com.st.stm32cube.ide.mcu.externaltools.gnu-tools-for-stm32.11.3.rel1.linux64_1.1.1.202309131626/tools/bin/../lib/gcc/arm-none-eabi/11.3.1/thumb/v7e-m+fp/hard/libgcc.a(_arm_truncdfsf2.o)
 .ARM.attributes
                0x0000000000000876       0x1e /opt/st/stm32cubeide_1.13.2/plugins/com.st.stm32cube.ide.mcu.externaltools.gnu-tools-for-stm32.11.3.rel1.linux64_1.1.1.202309131626/tools/bin/../lib/gcc/arm-none-eabi/11.3.1/thumb/v7e-m+fp/hard/libgcc.a(_aeabi_uldivmod.o)
 .ARM.attributes
                0x0000000000000894       0x34 /opt/st/stm32cubeide_1.13.2/plugins/com.st.stm32cube.ide.mcu.externaltools.gnu-tools-for-stm32.11.3.rel1.linux64_1.1.1.202309131626/tools/bin/../lib/gcc/arm-none-eabi/11.3.1/thumb/v7e-m+fp/hard/libgcc.a(_udivmoddi4.o)
 .ARM.attributes
                0x00000000000008c8       0x1e /opt/st/stm32cubeide_1.13.2/plugins/com.st.stm32cube.ide.mcu.externaltools.gnu-tools-for-stm32.11.3.rel1.linux64_1.1.1.202309131626/tools/bin/../lib/gcc/arm-none-eabi/11.3.1/thumb/v7e-m+fp/hard/libgcc.a(_dvmd_tls.o)
OUTPUT(build/safetyreset.elf elf32-littlearm)
LOAD linker stubs

.debug_info     0x0000000000000000     0xaac8
 .debug_info    0x0000000000000000     0x10c6 build/src/main.o
 .debug_info    0x00000000000010c6      0x5b5 build/src/spi_flash.o
 .debug_info    0x000000000000167b      0x67e build/src/freq_meas.o
 .debug_info    0x0000000000001cf9      0xcb7 build/src/dsss_demod.o
 .debug_info    0x00000000000029b0      0x3c1 build/src/crypto.o
 .debug_info    0x0000000000002d71      0xce3 build/src/adc.o
 .debug_info    0x0000000000003a54      0x5c6 build/src/protocol.o
 .debug_info    0x000000000000401a      0xcd6 build/src/serial.o
 .debug_info    0x0000000000004cf0      0x7f5 build/src/con_usart.o
 .debug_info    0x00000000000054e5      0x175 build/src/dma_util.o
 .debug_info    0x000000000000565a      0x7cb build/tinyprintf/tinyprintf.o
 .debug_info    0x0000000000005e25      0x282 build/cmsis/CMSIS/DSP/Source/TransformFunctions/arm_rfft_fast_init_f32.o
 .debug_info    0x00000000000060a7      0x418 build/cmsis/CMSIS/DSP/Source/TransformFunctions/arm_rfft_fast_f32.o
 .debug_info    0x00000000000064bf      0x52f build/cmsis/CMSIS/DSP/Source/TransformFunctions/arm_cfft_f32.o
 .debug_info    0x00000000000069ee      0x41f build/cmsis/CMSIS/DSP/Source/TransformFunctions/arm_cfft_radix8_f32.o
 .debug_info    0x0000000000006e0d      0xaba build/cmsis/CMSIS/DSP/Source/CommonTables/arm_common_tables.o
 .debug_info    0x00000000000078c7      0x193 build/cmsis/CMSIS/DSP/Source/TransformFunctions/arm_bitreversal2.o
 .debug_info    0x0000000000007a5a      0x336 build/musl/src/math/expf.o
 .debug_info    0x0000000000007d90      0x10f build/musl/src/math/exp2f_data.o
 .debug_info    0x0000000000007e9f      0x2e7 build/musl/src/math/sqrtf.o
 .debug_info    0x0000000000008186       0xe1 build/musl/src/math/fabsf.o
 .debug_info    0x0000000000008267       0x9f build/musl/src/stdlib/abs.o
 .debug_info    0x0000000000008306      0x120 build/musl/src/string/memset.o
 .debug_info    0x0000000000008426      0x14c build/musl/src/string/memcpy.o
 .debug_info    0x0000000000008572       0xeb build/musl/src/string/memcmp.o
 .debug_info    0x000000000000865d       0xed build/musl/src/string/strlen.o
 .debug_info    0x000000000000874a       0xd7 build/musl/src/math/__math_oflowf.o
 .debug_info    0x0000000000008821       0xd7 build/musl/src/math/__math_uflowf.o
 .debug_info    0x00000000000088f8      0x135 build/musl/src/math/__math_xflowf.o
 .debug_info    0x0000000000008a2d       0xad build/musl/src/math/__math_invalidf.o
 .debug_info    0x0000000000008ada       0x23 build/src/startup_stm32f407xx.o
 .debug_info    0x0000000000008afd      0x518 build/src/system_stm32f4xx.o
 .debug_info    0x0000000000009015      0x3b7 build/libsodium/src/libsodium/.libs/libsodium.a(libsodium_la-auth_hmacsha512.o)
 .debug_info    0x00000000000093cc      0x516 build/libsodium/src/libsodium/.libs/libsodium.a(libsodium_la-hash_sha512_cp.o)
 .debug_info    0x00000000000098e2      0x944 build/libsodium/src/libsodium/.libs/libsodium.a(libsodium_la-utils.o)
 .debug_info    0x000000000000a226      0x58a build/levmarq/levmarq.o
 .debug_info    0x000000000000a7b0       0xbc build/generated/gold_code_5.o
 .debug_info    0x000000000000a86c       0x75 build/generated/fmeas_fft_window.o
 .debug_info    0x000000000000a8e1       0x75 build/generated/dsss_cwt_wavelet.o
 .debug_info    0x000000000000a956      0x172 build/generated/crypto_presig_data.o

.debug_abbrev   0x0000000000000000     0x300c
 .debug_abbrev  0x0000000000000000      0x308 build/src/main.o
 .debug_abbrev  0x0000000000000308      0x1d6 build/src/spi_flash.o
 .debug_abbrev  0x00000000000004de      0x216 build/src/freq_meas.o
 .debug_abbrev  0x00000000000006f4      0x332 build/src/dsss_demod.o
 .debug_abbrev  0x0000000000000a26      0x15d build/src/crypto.o
 .debug_abbrev  0x0000000000000b83      0x22d build/src/adc.o
 .debug_abbrev  0x0000000000000db0      0x1d8 build/src/protocol.o
 .debug_abbrev  0x0000000000000f88      0x2ef build/src/serial.o
 .debug_abbrev  0x0000000000001277      0x17c build/src/con_usart.o
 .debug_abbrev  0x00000000000013f3      0x102 build/src/dma_util.o
 .debug_abbrev  0x00000000000014f5      0x2eb build/tinyprintf/tinyprintf.o
 .debug_abbrev  0x00000000000017e0      0x167 build/cmsis/CMSIS/DSP/Source/TransformFunctions/arm_rfft_fast_init_f32.o
 .debug_abbrev  0x0000000000001947      0x165 build/cmsis/CMSIS/DSP/Source/TransformFunctions/arm_rfft_fast_f32.o
 .debug_abbrev  0x0000000000001aac      0x163 build/cmsis/CMSIS/DSP/Source/TransformFunctions/arm_cfft_f32.o
 .debug_abbrev  0x0000000000001c0f       0x98 build/cmsis/CMSIS/DSP/Source/TransformFunctions/arm_cfft_radix8_f32.o
 .debug_abbrev  0x0000000000001ca7       0xa9 build/cmsis/CMSIS/DSP/Source/CommonTables/arm_common_tables.o
 .debug_abbrev  0x0000000000001d50       0x8d build/cmsis/CMSIS/DSP/Source/TransformFunctions/arm_bitreversal2.o
 .debug_abbrev  0x0000000000001ddd      0x176 build/musl/src/math/expf.o
 .debug_abbrev  0x0000000000001f53       0xa5 build/musl/src/math/exp2f_data.o
 .debug_abbrev  0x0000000000001ff8      0x134 build/musl/src/math/sqrtf.o
 .debug_abbrev  0x000000000000212c       0x96 build/musl/src/math/fabsf.o
 .debug_abbrev  0x00000000000021c2       0x56 build/musl/src/stdlib/abs.o
 .debug_abbrev  0x0000000000002218       0xab build/musl/src/string/memset.o
 .debug_abbrev  0x00000000000022c3       0xbf build/musl/src/string/memcpy.o
 .debug_abbrev  0x0000000000002382       0x92 build/musl/src/string/memcmp.o
 .debug_abbrev  0x0000000000002414       0x89 build/musl/src/string/strlen.o
 .debug_abbrev  0x000000000000249d       0x83 build/musl/src/math/__math_oflowf.o
 .debug_abbrev  0x0000000000002520       0x83 build/musl/src/math/__math_uflowf.o
 .debug_abbrev  0x00000000000025a3       0xc5 build/musl/src/math/__math_xflowf.o
 .debug_abbrev  0x0000000000002668       0x56 build/musl/src/math/__math_invalidf.o
 .debug_abbrev  0x00000000000026be       0x12 build/src/startup_stm32f407xx.o
 .debug_abbrev  0x00000000000026d0      0x129 build/src/system_stm32f4xx.o
 .debug_abbrev  0x00000000000027f9      0x139 build/libsodium/src/libsodium/.libs/libsodium.a(libsodium_la-auth_hmacsha512.o)
 .debug_abbrev  0x0000000000002932      0x1ab build/libsodium/src/libsodium/.libs/libsodium.a(libsodium_la-hash_sha512_cp.o)
 .debug_abbrev  0x0000000000002add      0x24b build/libsodium/src/libsodium/.libs/libsodium.a(libsodium_la-utils.o)
 .debug_abbrev  0x0000000000002d28      0x149 build/levmarq/levmarq.o
 .debug_abbrev  0x0000000000002e71       0x61 build/generated/gold_code_5.o
 .debug_abbrev  0x0000000000002ed2       0x50 build/generated/fmeas_fft_window.o
 .debug_abbrev  0x0000000000002f22       0x50 build/generated/dsss_cwt_wavelet.o
 .debug_abbrev  0x0000000000002f72       0x9a build/generated/crypto_presig_data.o

.debug_aranges  0x0000000000000000      0x958
 .debug_aranges
                0x0000000000000000       0xa0 build/src/main.o
 .debug_aranges
                0x00000000000000a0       0x88 build/src/spi_flash.o
 .debug_aranges
                0x0000000000000128       0x30 build/src/freq_meas.o
 .debug_aranges
                0x0000000000000158       0x70 build/src/dsss_demod.o
 .debug_aranges
                0x00000000000001c8       0x38 build/src/crypto.o
 .debug_aranges
                0x0000000000000200       0x40 build/src/adc.o
 .debug_aranges
                0x0000000000000240       0x28 build/src/protocol.o
 .debug_aranges
                0x0000000000000268       0x98 build/src/serial.o
 .debug_aranges
                0x0000000000000300       0x28 build/src/con_usart.o
 .debug_aranges
                0x0000000000000328       0x20 build/src/dma_util.o
 .debug_aranges
                0x0000000000000348       0xa8 build/tinyprintf/tinyprintf.o
 .debug_aranges
                0x00000000000003f0       0x28 build/cmsis/CMSIS/DSP/Source/TransformFunctions/arm_rfft_fast_init_f32.o
 .debug_aranges
                0x0000000000000418       0x30 build/cmsis/CMSIS/DSP/Source/TransformFunctions/arm_rfft_fast_f32.o
 .debug_aranges
                0x0000000000000448       0x30 build/cmsis/CMSIS/DSP/Source/TransformFunctions/arm_cfft_f32.o
 .debug_aranges
                0x0000000000000478       0x20 build/cmsis/CMSIS/DSP/Source/TransformFunctions/arm_cfft_radix8_f32.o
 .debug_aranges
                0x0000000000000498       0x18 build/cmsis/CMSIS/DSP/Source/CommonTables/arm_common_tables.o
 .debug_aranges
                0x00000000000004b0       0x28 build/cmsis/CMSIS/DSP/Source/TransformFunctions/arm_bitreversal2.o
 .debug_aranges
                0x00000000000004d8       0x38 build/musl/src/math/expf.o
 .debug_aranges
                0x0000000000000510       0x18 build/musl/src/math/exp2f_data.o
 .debug_aranges
                0x0000000000000528       0x30 build/musl/src/math/sqrtf.o
 .debug_aranges
                0x0000000000000558       0x20 build/musl/src/math/fabsf.o
 .debug_aranges
                0x0000000000000578       0x20 build/musl/src/stdlib/abs.o
 .debug_aranges
                0x0000000000000598       0x20 build/musl/src/string/memset.o
 .debug_aranges
                0x00000000000005b8       0x20 build/musl/src/string/memcpy.o
 .debug_aranges
                0x00000000000005d8       0x20 build/musl/src/string/memcmp.o
 .debug_aranges
                0x00000000000005f8       0x20 build/musl/src/string/strlen.o
 .debug_aranges
                0x0000000000000618       0x20 build/musl/src/math/__math_oflowf.o
 .debug_aranges
                0x0000000000000638       0x20 build/musl/src/math/__math_uflowf.o
 .debug_aranges
                0x0000000000000658       0x30 build/musl/src/math/__math_xflowf.o
 .debug_aranges
                0x0000000000000688       0x20 build/musl/src/math/__math_invalidf.o
 .debug_aranges
                0x00000000000006a8       0x28 build/src/startup_stm32f407xx.o
 .debug_aranges
                0x00000000000006d0       0x28 build/src/system_stm32f4xx.o
 .debug_aranges
                0x00000000000006f8       0x60 build/libsodium/src/libsodium/.libs/libsodium.a(libsodium_la-auth_hmacsha512.o)
 .debug_aranges
                0x0000000000000758       0x70 build/libsodium/src/libsodium/.libs/libsodium.a(libsodium_la-hash_sha512_cp.o)
 .debug_aranges
                0x00000000000007c8       0xf0 build/libsodium/src/libsodium/.libs/libsodium.a(libsodium_la-utils.o)
 .debug_aranges
                0x00000000000008b8       0x40 build/levmarq/levmarq.o
 .debug_aranges
                0x00000000000008f8       0x18 build/generated/gold_code_5.o
 .debug_aranges
                0x0000000000000910       0x18 build/generated/fmeas_fft_window.o
 .debug_aranges
                0x0000000000000928       0x18 build/generated/dsss_cwt_wavelet.o
 .debug_aranges
                0x0000000000000940       0x18 build/generated/crypto_presig_data.o

.debug_rnglists
                0x0000000000000000      0x4e6
 .debug_rnglists
                0x0000000000000000       0x76 build/src/main.o
 .debug_rnglists
                0x0000000000000076       0x64 build/src/spi_flash.o
 .debug_rnglists
                0x00000000000000da       0x21 build/src/freq_meas.o
 .debug_rnglists
                0x00000000000000fb       0x54 build/src/dsss_demod.o
 .debug_rnglists
                0x000000000000014f       0x26 build/src/crypto.o
 .debug_rnglists
                0x0000000000000175       0x2d build/src/adc.o
 .debug_rnglists
                0x00000000000001a2       0x1b build/src/protocol.o
 .debug_rnglists
                0x00000000000001bd       0x6f build/src/serial.o
 .debug_rnglists
                0x000000000000022c       0x1a build/src/con_usart.o
 .debug_rnglists
                0x0000000000000246       0x14 build/src/dma_util.o
 .debug_rnglists
                0x000000000000025a       0x8d build/tinyprintf/tinyprintf.o
 .debug_rnglists
                0x00000000000002e7       0x19 build/cmsis/CMSIS/DSP/Source/TransformFunctions/arm_rfft_fast_init_f32.o
 .debug_rnglists
                0x0000000000000300       0x21 build/cmsis/CMSIS/DSP/Source/TransformFunctions/arm_rfft_fast_f32.o
 .debug_rnglists
                0x0000000000000321       0x22 build/cmsis/CMSIS/DSP/Source/TransformFunctions/arm_cfft_f32.o
 .debug_rnglists
                0x0000000000000343       0x14 build/cmsis/CMSIS/DSP/Source/TransformFunctions/arm_cfft_radix8_f32.o
 .debug_rnglists
                0x0000000000000357       0x1b build/cmsis/CMSIS/DSP/Source/TransformFunctions/arm_bitreversal2.o
 .debug_rnglists
                0x0000000000000372       0x26 build/musl/src/math/expf.o
 .debug_rnglists
                0x0000000000000398       0x20 build/musl/src/math/sqrtf.o
 .debug_rnglists
                0x00000000000003b8       0x13 build/musl/src/math/fabsf.o
 .debug_rnglists
                0x00000000000003cb       0x13 build/musl/src/stdlib/abs.o
 .debug_rnglists
                0x00000000000003de       0x14 build/musl/src/string/memset.o
 .debug_rnglists
                0x00000000000003f2       0x14 build/musl/src/string/memcpy.o
 .debug_rnglists
                0x0000000000000406       0x13 build/musl/src/string/memcmp.o
 .debug_rnglists
                0x0000000000000419       0x13 build/musl/src/string/strlen.o
 .debug_rnglists
                0x000000000000042c       0x13 build/musl/src/math/__math_oflowf.o
 .debug_rnglists
                0x000000000000043f       0x13 build/musl/src/math/__math_uflowf.o
 .debug_rnglists
                0x0000000000000452       0x1f build/musl/src/math/__math_xflowf.o
 .debug_rnglists
                0x0000000000000471       0x13 build/musl/src/math/__math_invalidf.o
 .debug_rnglists
                0x0000000000000484       0x19 build/src/startup_stm32f407xx.o
 .debug_rnglists
                0x000000000000049d       0x1a build/src/system_stm32f4xx.o
 .debug_rnglists
                0x00000000000004b7       0x2f build/levmarq/levmarq.o

.debug_line     0x0000000000000000     0x934a
 .debug_line    0x0000000000000000      0x735 build/src/main.o
 .debug_line    0x0000000000000735      0x599 build/src/spi_flash.o
 .debug_line    0x0000000000000cce      0x475 build/src/freq_meas.o
 .debug_line    0x0000000000001143      0x99b build/src/dsss_demod.o
 .debug_line    0x0000000000001ade      0x48a build/src/crypto.o
 .debug_line    0x0000000000001f68      0x41b build/src/adc.o
 .debug_line    0x0000000000002383      0x3b8 build/src/protocol.o
 .debug_line    0x000000000000273b      0x652 build/src/serial.o
 .debug_line    0x0000000000002d8d      0x248 build/src/con_usart.o
 .debug_line    0x0000000000002fd5      0x296 build/src/dma_util.o
 .debug_line    0x000000000000326b      0x77b build/tinyprintf/tinyprintf.o
 .debug_line    0x00000000000039e6      0x1f7 build/cmsis/CMSIS/DSP/Source/TransformFunctions/arm_rfft_fast_init_f32.o
 .debug_line    0x0000000000003bdd      0x356 build/cmsis/CMSIS/DSP/Source/TransformFunctions/arm_rfft_fast_f32.o
 .debug_line    0x0000000000003f33      0xed3 build/cmsis/CMSIS/DSP/Source/TransformFunctions/arm_cfft_f32.o
 .debug_line    0x0000000000004e06      0x9b5 build/cmsis/CMSIS/DSP/Source/TransformFunctions/arm_cfft_radix8_f32.o
 .debug_line    0x00000000000057bb      0x188 build/cmsis/CMSIS/DSP/Source/CommonTables/arm_common_tables.o
 .debug_line    0x0000000000005943      0x1eb build/cmsis/CMSIS/DSP/Source/TransformFunctions/arm_bitreversal2.o
 .debug_line    0x0000000000005b2e      0x2e4 build/musl/src/math/expf.o
 .debug_line    0x0000000000005e12      0x10a build/musl/src/math/exp2f_data.o
 .debug_line    0x0000000000005f1c      0x3b7 build/musl/src/math/sqrtf.o
 .debug_line    0x00000000000062d3      0x1ba build/musl/src/math/fabsf.o
 .debug_line    0x000000000000648d       0xf7 build/musl/src/stdlib/abs.o
 .debug_line    0x0000000000006584      0x2f6 build/musl/src/string/memset.o
 .debug_line    0x000000000000687a      0x78e build/musl/src/string/memcpy.o
 .debug_line    0x0000000000007008      0x20f build/musl/src/string/memcmp.o
 .debug_line    0x0000000000007217      0x22b build/musl/src/string/strlen.o
 .debug_line    0x0000000000007442      0x163 build/musl/src/math/__math_oflowf.o
 .debug_line    0x00000000000075a5      0x163 build/musl/src/math/__math_uflowf.o
 .debug_line    0x0000000000007708      0x1b7 build/musl/src/math/__math_xflowf.o
 .debug_line    0x00000000000078bf       0x5b build/musl/src/math/__math_invalidf.o
 .debug_line    0x000000000000791a       0x78 build/src/startup_stm32f407xx.o
 .debug_line    0x0000000000007992      0x27e build/src/system_stm32f4xx.o
 .debug_line    0x0000000000007c10      0x287 build/libsodium/src/libsodium/.libs/libsodium.a(libsodium_la-auth_hmacsha512.o)
 .debug_line    0x0000000000007e97      0x62f build/libsodium/src/libsodium/.libs/libsodium.a(libsodium_la-hash_sha512_cp.o)
 .debug_line    0x00000000000084c6      0x675 build/libsodium/src/libsodium/.libs/libsodium.a(libsodium_la-utils.o)
 .debug_line    0x0000000000008b3b      0x5e2 build/levmarq/levmarq.o
 .debug_line    0x000000000000911d       0x93 build/generated/gold_code_5.o
 .debug_line    0x00000000000091b0       0x43 build/generated/fmeas_fft_window.o
 .debug_line    0x00000000000091f3       0x43 build/generated/dsss_cwt_wavelet.o
 .debug_line    0x0000000000009236      0x114 build/generated/crypto_presig_data.o

.debug_str      0x0000000000000000     0x2cc1
 .debug_str     0x0000000000000000      0x8f2 build/src/main.o
                                        0x9a2 (size before relaxing)
 .debug_str     0x00000000000008f2      0x1e8 build/src/spi_flash.o
                                        0x414 (size before relaxing)
 .debug_str     0x0000000000000ada      0x275 build/src/freq_meas.o
                                        0x471 (size before relaxing)
 .debug_str     0x0000000000000d4f      0x248 build/src/dsss_demod.o
                                        0x6c1 (size before relaxing)
 .debug_str     0x0000000000000f97       0xd9 build/src/crypto.o
                                        0x348 (size before relaxing)
 .debug_str     0x0000000000001070      0x64b build/src/adc.o
                                        0xa18 (size before relaxing)
 .debug_str     0x00000000000016bb       0x7d build/src/protocol.o
                                        0x445 (size before relaxing)
 .debug_str     0x0000000000001738      0x187 build/src/serial.o
                                        0xa80 (size before relaxing)
 .debug_str     0x00000000000018bf       0x28 build/src/con_usart.o
                                        0x964 (size before relaxing)
 .debug_str     0x00000000000018e7       0x17 build/src/dma_util.o
                                        0x1f8 (size before relaxing)
 .debug_str     0x00000000000018fe      0x12b build/tinyprintf/tinyprintf.o
                                        0x31b (size before relaxing)
 .debug_str     0x0000000000001a29       0xa8 build/cmsis/CMSIS/DSP/Source/TransformFunctions/arm_rfft_fast_init_f32.o
                                        0x375 (size before relaxing)
 .debug_str     0x0000000000001ad1       0x7e build/cmsis/CMSIS/DSP/Source/TransformFunctions/arm_rfft_fast_f32.o
                                        0x2ba (size before relaxing)
 .debug_str     0x0000000000001b4f      0x11d build/cmsis/CMSIS/DSP/Source/TransformFunctions/arm_cfft_f32.o
                                        0x325 (size before relaxing)
 .debug_str     0x0000000000001c6c       0x57 build/cmsis/CMSIS/DSP/Source/TransformFunctions/arm_cfft_radix8_f32.o
                                        0x226 (size before relaxing)
 .debug_str     0x0000000000001cc3      0x4de build/cmsis/CMSIS/DSP/Source/CommonTables/arm_common_tables.o
                                        0x6cb (size before relaxing)
 .debug_str     0x00000000000021a1       0x65 build/cmsis/CMSIS/DSP/Source/TransformFunctions/arm_bitreversal2.o
                                        0x21d (size before relaxing)
 .debug_str     0x0000000000002206       0xa3 build/musl/src/math/expf.o
                                        0x253 (size before relaxing)
 .debug_str     0x00000000000022a9       0x1b build/musl/src/math/exp2f_data.o
                                        0x1e5 (size before relaxing)
 .debug_str     0x00000000000022c4       0x48 build/musl/src/math/sqrtf.o
                                        0x205 (size before relaxing)
 .debug_str     0x000000000000230c       0x16 build/musl/src/math/fabsf.o
                                        0x1b3 (size before relaxing)
 .debug_str     0x0000000000002322       0x16 build/musl/src/stdlib/abs.o
                                        0x197 (size before relaxing)
 .debug_str     0x0000000000002338       0x23 build/musl/src/string/memset.o
                                        0x1b7 (size before relaxing)
 .debug_str     0x000000000000235b       0x19 build/musl/src/string/memcpy.o
                                        0x1cd (size before relaxing)
 .debug_str     0x0000000000002374       0x19 build/musl/src/string/memcmp.o
                                        0x1a8 (size before relaxing)
 .debug_str     0x000000000000238d       0x1e build/musl/src/string/strlen.o
                                        0x1b7 (size before relaxing)
 .debug_str     0x00000000000023ab       0x2c build/musl/src/math/__math_oflowf.o
                                        0x1d6 (size before relaxing)
 .debug_str     0x00000000000023d7       0x1e build/musl/src/math/__math_uflowf.o
                                        0x1d6 (size before relaxing)
 .debug_str     0x00000000000023f5       0x2a build/musl/src/math/__math_xflowf.o
                                        0x1e2 (size before relaxing)
 .debug_str     0x000000000000241f       0x20 build/musl/src/math/__math_invalidf.o
                                        0x1be (size before relaxing)
 .debug_str     0x000000000000243f       0x26 build/src/startup_stm32f407xx.o
                                         0x5b (size before relaxing)
 .debug_str     0x0000000000002465       0x8b build/src/system_stm32f4xx.o
                                        0x35c (size before relaxing)
 .debug_str     0x00000000000024f0      0x2a7 build/libsodium/src/libsodium/.libs/libsodium.a(libsodium_la-auth_hmacsha512.o)
                                        0x371 (size before relaxing)
 .debug_str     0x0000000000002797      0x133 build/libsodium/src/libsodium/.libs/libsodium.a(libsodium_la-hash_sha512_cp.o)
                                        0x301 (size before relaxing)
 .debug_str     0x00000000000028ca      0x297 build/libsodium/src/libsodium/.libs/libsodium.a(libsodium_la-utils.o)
                                        0x4bc (size before relaxing)
 .debug_str     0x0000000000002b61       0x6a build/levmarq/levmarq.o
                                        0x295 (size before relaxing)
 .debug_str     0x0000000000002bcb       0x35 build/generated/gold_code_5.o
                                        0x1b2 (size before relaxing)
 .debug_str     0x0000000000002c00       0x3e build/generated/fmeas_fft_window.o
                                        0x140 (size before relaxing)
 .debug_str     0x0000000000002c3e       0x3c build/generated/dsss_cwt_wavelet.o
                                        0x13e (size before relaxing)
 .debug_str     0x0000000000002c7a       0x47 build/generated/crypto_presig_data.o
                                        0x28e (size before relaxing)

.comment        0x0000000000000000       0x76
 .comment       0x0000000000000000       0x43 build/src/main.o
                                         0x44 (size before relaxing)
 .comment       0x0000000000000043       0x44 build/src/spi_flash.o
 .comment       0x0000000000000043       0x44 build/src/freq_meas.o
 .comment       0x0000000000000043       0x44 build/src/dsss_demod.o
 .comment       0x0000000000000043       0x44 build/src/crypto.o
 .comment       0x0000000000000043       0x44 build/src/adc.o
 .comment       0x0000000000000043       0x44 build/src/protocol.o
 .comment       0x0000000000000043       0x44 build/src/serial.o
 .comment       0x0000000000000043       0x44 build/src/con_usart.o
 .comment       0x0000000000000043       0x44 build/src/dma_util.o
 .comment       0x0000000000000043       0x44 build/tinyprintf/tinyprintf.o
 .comment       0x0000000000000043       0x44 build/cmsis/CMSIS/DSP/Source/TransformFunctions/arm_rfft_fast_init_f32.o
 .comment       0x0000000000000043       0x44 build/cmsis/CMSIS/DSP/Source/TransformFunctions/arm_rfft_fast_f32.o
 .comment       0x0000000000000043       0x44 build/cmsis/CMSIS/DSP/Source/TransformFunctions/arm_cfft_f32.o
 .comment       0x0000000000000043       0x44 build/cmsis/CMSIS/DSP/Source/TransformFunctions/arm_cfft_radix8_f32.o
 .comment       0x0000000000000043       0x44 build/cmsis/CMSIS/DSP/Source/CommonTables/arm_common_tables.o
 .comment       0x0000000000000043       0x44 build/cmsis/CMSIS/DSP/Source/TransformFunctions/arm_bitreversal2.o
 .comment       0x0000000000000043       0x44 build/musl/src/math/expf.o
 .comment       0x0000000000000043       0x44 build/musl/src/math/exp2f_data.o
 .comment       0x0000000000000043       0x44 build/musl/src/math/sqrtf.o
 .comment       0x0000000000000043       0x44 build/musl/src/math/fabsf.o
 .comment       0x0000000000000043       0x44 build/musl/src/stdlib/abs.o
 .comment       0x0000000000000043       0x44 build/musl/src/string/memset.o
 .comment       0x0000000000000043       0x44 build/musl/src/string/memcpy.o
 .comment       0x0000000000000043       0x44 build/musl/src/string/memcmp.o
 .comment       0x0000000000000043       0x44 build/musl/src/string/strlen.o
 .comment       0x0000000000000043       0x44 build/musl/src/math/__math_oflowf.o
 .comment       0x0000000000000043       0x44 build/musl/src/math/__math_uflowf.o
 .comment       0x0000000000000043       0x44 build/musl/src/math/__math_xflowf.o
 .comment       0x0000000000000043       0x44 build/musl/src/math/__math_invalidf.o
 .comment       0x0000000000000043       0x44 build/src/system_stm32f4xx.o
 .comment       0x0000000000000043       0x33 build/libsodium/src/libsodium/.libs/libsodium.a(libsodium_la-auth_hmacsha512.o)
                                         0x34 (size before relaxing)
 .comment       0x0000000000000076       0x34 build/libsodium/src/libsodium/.libs/libsodium.a(libsodium_la-hash_sha512_cp.o)
 .comment       0x0000000000000076       0x34 build/libsodium/src/libsodium/.libs/libsodium.a(libsodium_la-utils.o)
 .comment       0x0000000000000076       0x44 build/levmarq/levmarq.o
 .comment       0x0000000000000076       0x34 build/generated/gold_code_5.o
 .comment       0x0000000000000076       0x34 build/generated/fmeas_fft_window.o
 .comment       0x0000000000000076       0x34 build/generated/dsss_cwt_wavelet.o
 .comment       0x0000000000000076       0x44 build/generated/crypto_presig_data.o

.debug_frame    0x0000000000000000     0x1e60
 .debug_frame   0x0000000000000000      0x240 build/src/main.o
 .debug_frame   0x0000000000000240      0x210 build/src/spi_flash.o
 .debug_frame   0x0000000000000450       0x84 build/src/freq_meas.o
 .debug_frame   0x00000000000004d4      0x1e8 build/src/dsss_demod.o
 .debug_frame   0x00000000000006bc       0xac build/src/crypto.o
 .debug_frame   0x0000000000000768       0xc0 build/src/adc.o
 .debug_frame   0x0000000000000828       0x60 build/src/protocol.o
 .debug_frame   0x0000000000000888      0x294 build/src/serial.o
 .debug_frame   0x0000000000000b1c       0x48 build/src/con_usart.o
 .debug_frame   0x0000000000000b64       0x34 build/src/dma_util.o
 .debug_frame   0x0000000000000b98      0x300 build/tinyprintf/tinyprintf.o
 .debug_frame   0x0000000000000e98       0x5c build/cmsis/CMSIS/DSP/Source/TransformFunctions/arm_rfft_fast_init_f32.o
 .debug_frame   0x0000000000000ef4       0x84 build/cmsis/CMSIS/DSP/Source/TransformFunctions/arm_rfft_fast_f32.o
 .debug_frame   0x0000000000000f78       0x84 build/cmsis/CMSIS/DSP/Source/TransformFunctions/arm_cfft_f32.o
 .debug_frame   0x0000000000000ffc       0x38 build/cmsis/CMSIS/DSP/Source/TransformFunctions/arm_cfft_radix8_f32.o
 .debug_frame   0x0000000000001034       0x60 build/cmsis/CMSIS/DSP/Source/TransformFunctions/arm_bitreversal2.o
 .debug_frame   0x0000000000001094       0xb4 build/musl/src/math/expf.o
 .debug_frame   0x0000000000001148       0x90 build/musl/src/math/sqrtf.o
 .debug_frame   0x00000000000011d8       0x38 build/musl/src/math/fabsf.o
 .debug_frame   0x0000000000001210       0x38 build/musl/src/stdlib/abs.o
 .debug_frame   0x0000000000001248       0x48 build/musl/src/string/memset.o
 .debug_frame   0x0000000000001290       0x38 build/musl/src/string/memcpy.o
 .debug_frame   0x00000000000012c8       0x38 build/musl/src/string/memcmp.o
 .debug_frame   0x0000000000001300       0x38 build/musl/src/string/strlen.o
 .debug_frame   0x0000000000001338       0x34 build/musl/src/math/__math_oflowf.o
 .debug_frame   0x000000000000136c       0x34 build/musl/src/math/__math_uflowf.o
 .debug_frame   0x00000000000013a0       0x84 build/musl/src/math/__math_xflowf.o
 .debug_frame   0x0000000000001424       0x38 build/musl/src/math/__math_invalidf.o
 .debug_frame   0x000000000000145c       0x58 build/src/system_stm32f4xx.o
 .debug_frame   0x00000000000014b4      0x158 build/libsodium/src/libsodium/.libs/libsodium.a(libsodium_la-auth_hmacsha512.o)
 .debug_frame   0x000000000000160c      0x1f4 build/libsodium/src/libsodium/.libs/libsodium.a(libsodium_la-hash_sha512_cp.o)
 .debug_frame   0x0000000000001800      0x400 build/libsodium/src/libsodium/.libs/libsodium.a(libsodium_la-utils.o)
 .debug_frame   0x0000000000001c00      0x100 build/levmarq/levmarq.o
 .debug_frame   0x0000000000001d00       0x30 /opt/st/stm32cubeide_1.13.2/plugins/com.st.stm32cube.ide.mcu.externaltools.gnu-tools-for-stm32.11.3.rel1.linux64_1.1.1.202309131626/tools/bin/../lib/gcc/arm-none-eabi/11.3.1/thumb/v7e-m+fp/hard/libgcc.a(_arm_muldf3.o)
 .debug_frame   0x0000000000001d30       0xac /opt/st/stm32cubeide_1.13.2/plugins/com.st.stm32cube.ide.mcu.externaltools.gnu-tools-for-stm32.11.3.rel1.linux64_1.1.1.202309131626/tools/bin/../lib/gcc/arm-none-eabi/11.3.1/thumb/v7e-m+fp/hard/libgcc.a(_arm_addsubdf3.o)
 .debug_frame   0x0000000000001ddc       0x24 /opt/st/stm32cubeide_1.13.2/plugins/com.st.stm32cube.ide.mcu.externaltools.gnu-tools-for-stm32.11.3.rel1.linux64_1.1.1.202309131626/tools/bin/../lib/gcc/arm-none-eabi/11.3.1/thumb/v7e-m+fp/hard/libgcc.a(_arm_truncdfsf2.o)
 .debug_frame   0x0000000000001e00       0x2c /opt/st/stm32cubeide_1.13.2/plugins/com.st.stm32cube.ide.mcu.externaltools.gnu-tools-for-stm32.11.3.rel1.linux64_1.1.1.202309131626/tools/bin/../lib/gcc/arm-none-eabi/11.3.1/thumb/v7e-m+fp/hard/libgcc.a(_aeabi_uldivmod.o)
 .debug_frame   0x0000000000001e2c       0x34 /opt/st/stm32cubeide_1.13.2/plugins/com.st.stm32cube.ide.mcu.externaltools.gnu-tools-for-stm32.11.3.rel1.linux64_1.1.1.202309131626/tools/bin/../lib/gcc/arm-none-eabi/11.3.1/thumb/v7e-m+fp/hard/libgcc.a(_udivmoddi4.o)

.debug_line_str
                0x0000000000000000       0x4f
 .debug_line_str
                0x0000000000000000       0x4f build/src/startup_stm32f407xx.o
                                         0x65 (size before relaxing)

.debug_ranges   0x0000000000000000      0x190
 .debug_ranges  0x0000000000000000       0x50 build/libsodium/src/libsodium/.libs/libsodium.a(libsodium_la-auth_hmacsha512.o)
 .debug_ranges  0x0000000000000050       0x60 build/libsodium/src/libsodium/.libs/libsodium.a(libsodium_la-hash_sha512_cp.o)
 .debug_ranges  0x00000000000000b0       0xe0 build/libsodium/src/libsodium/.libs/libsodium.a(libsodium_la-utils.o)
